Tue May 26 01:59:23 PM UTC 2026
RUN base=0.02 rr_alphas=0.04,0.02 workers=24
Experiment config: 100 problems x 100 traj, T=1000000, d=5, |X|=10, workers=24
  Huo: K=63, burn_in=1000, rr_alphas=(0.04, 0.02)
  Samsonov PR: c0=200.0, k0=20000, gamma=0.65, b_n=3981, n_bootstrap=500
  Problem gen: eig=[0.25,0.6], noise=0.35
  Direction: random

  [1/100] last RR cov=98% div=0/100 | 566s elapsed, ~56060s left
  [5/100] last RR cov=90% div=0/100 | 600s elapsed, ~11408s left
  [10/100] last RR cov=94% div=0/100 | 626s elapsed, ~5634s left
  [15/100] last RR cov=96% div=0/100 | 644s elapsed, ~3652s left
  [20/100] last RR cov=94% div=0/100 | 657s elapsed, ~2626s left
  [25/100] last RR cov=92% div=0/100 | 1127s elapsed, ~3382s left
  [30/100] last RR cov=94% div=0/100 | 1196s elapsed, ~2790s left
  [35/100] last RR cov=91% div=0/100 | 1227s elapsed, ~2279s left
  [40/100] last RR cov=94% div=0/100 | 1250s elapsed, ~1875s left
  [45/100] last RR cov=96% div=0/100 | 1259s elapsed, ~1539s left
  [50/100] last RR cov=98% div=0/100 | 1749s elapsed, ~1749s left
  [55/100] last RR cov=94% div=0/100 | 1788s elapsed, ~1463s left
  [60/100] last RR cov=94% div=0/100 | 1821s elapsed, ~1214s left
  [65/100] last RR cov=96% div=0/100 | 1841s elapsed, ~991s left
  [70/100] last RR cov=96% div=0/100 | 1850s elapsed, ~793s left
  [75/100] last RR cov=95% div=0/100 | 2377s elapsed, ~792s left
  [80/100] last RR cov=94% div=0/100 | 2421s elapsed, ~605s left
  [85/100] last RR cov=95% div=0/100 | 2436s elapsed, ~430s left
  [90/100] last RR cov=92% div=0/100 | 2461s elapsed, ~273s left
  [95/100] last RR cov=94% div=0/100 | 2476s elapsed, ~130s left
  [100/100] last RR cov=91% div=0/100 | 2879s elapsed, ~0s left

================================================================================
DIVERGENCE REPORT (100 problems x 100 traj)
================================================================================
Method                     Total div  Problems w/div   Max div/prob  Mean div/prob
--------------------------------------------------------------------------------
alpha=0.04 (const)                 0               0              0            0.0
alpha=0.02 (const)                 0               0              0            0.0
RR (0.04+0.02)                     0               0              0            0.0
0.04/sqrt(k) (dim)                 0               0              0            0.0
0.02/sqrt(k) (dim)                 0               0              0            0.0
PR + OBM                           0               0              0            0.0
PR + MSB                           0               0              0            0.0
RR + OBM                           0               0              0            0.0
RR + MSB                           0               0              0            0.0
a=0.04 + OBM                       0               0              0            0.0
a=0.04 + MSB                       0               0              0            0.0
a=0.02 + OBM                       0               0              0            0.0
a=0.02 + MSB                       0               0              0            0.0
a=0.02 + OBM-RR                    0               0              0            0.0
PR + OBM-RR                        0               0              0            0.0
RR + OBM-RR                        0               0              0            0.0

================================================================================
PROBLEM GENERATION DIAGNOSTICS
================================================================================
median max ||A(x)||_2         : 0.770
max max ||A(x)||_2            : 0.847
median max rho(I+0.04A): 0.994
max max rho(I+0.04A)   : 0.999

================================================================================
RESULTS (100 problems, T=1000000, 100 traj) in 2880s (48.0min)
Median over problems (coverage in %, L2 and CI width x 1e-3)
================================================================================
Method                      L2 x1e-3  Width x1e-3    Cov % Mean Cov %
--------------------------------------------------------------------
alpha=0.04 (const)              3.25         5.37     92.0       91.1
alpha=0.02 (const)              3.05         5.36     94.0       93.3
RR (0.04+0.02)                  2.97         5.36     94.0       94.2
0.04/sqrt(k) (dim)             22.25        11.36     48.0       42.0
0.02/sqrt(k) (dim)             52.54        17.81      0.0        9.7
PR + OBM                        3.48         5.39     92.0       88.9
PR + MSB                        3.48         5.35     91.0       88.5
RR + OBM                        2.97         5.33     94.0       94.3
RR + MSB                        2.97         5.28     94.0       94.0
a=0.04 + OBM                    3.25         5.40     93.0       91.5
a=0.04 + MSB                    3.25         5.33     92.0       91.2
a=0.02 + OBM                    3.05         5.34     94.0       93.4
a=0.02 + MSB                    3.05         5.31     93.0       93.2
a=0.02 + OBM-RR                 3.05         5.39     94.0       93.7
PR + OBM-RR                     3.48         5.40     92.0       88.7
RR + OBM-RR                     2.97         5.38     95.0       94.5

================================================================================
COVERAGE PERCENTILES (%) across problems
================================================================================
Method                        p10     p25     p50     p75     p90
-----------------------------------------------------------------
alpha=0.04 (const)           84.9    89.0    92.0    95.0    96.1
alpha=0.02 (const)           90.0    91.8    94.0    95.0    97.0
RR (0.04+0.02)               92.0    92.8    94.0    96.0    97.0
0.04/sqrt(k) (dim)            8.7    22.8    48.0    58.5    71.1
0.02/sqrt(k) (dim)            0.0     0.0     0.0     9.2    38.2
PR + OBM                     78.9    87.0    92.0    94.0    96.0
PR + MSB                     77.9    87.0    91.0    94.0    96.1
RR + OBM                     92.0    93.0    94.0    96.0    97.0
RR + MSB                     91.0    93.0    94.0    96.0    97.0
a=0.04 + OBM                 84.9    90.0    93.0    95.0    97.0
a=0.04 + MSB                 83.0    89.8    92.0    95.0    97.0
a=0.02 + OBM                 90.0    92.0    94.0    95.0    97.0
a=0.02 + MSB                 90.0    92.0    93.0    95.0    97.0
a=0.02 + OBM-RR              90.0    92.0    94.0    96.0    97.0
PR + OBM-RR                  78.9    86.0    92.0    94.0    96.0
RR + OBM-RR                  92.0    93.0    95.0    96.0    97.0

================================================================================
BIAS (L2 x 1e-3) PERCENTILES across problems
================================================================================
Method                        p10     p25     p50     p75     p90
-----------------------------------------------------------------
alpha=0.04 (const)           2.68    2.95    3.25    3.63    4.06
alpha=0.02 (const)           2.53    2.72    3.05    3.34    3.70
RR (0.04+0.02)               2.42    2.66    2.97    3.19    3.57
0.04/sqrt(k) (dim)          11.83   15.99   22.25   31.84   48.94
0.02/sqrt(k) (dim)          27.42   37.68   52.54   75.31  116.80
PR + OBM                     2.77    3.13    3.48    3.90    4.37
PR + MSB                     2.77    3.13    3.48    3.90    4.37
RR + OBM                     2.42    2.66    2.97    3.19    3.57
RR + MSB                     2.42    2.66    2.97    3.19    3.57
a=0.04 + OBM                 2.68    2.95    3.25    3.63    4.06
a=0.04 + MSB                 2.68    2.95    3.25    3.63    4.06
a=0.02 + OBM                 2.53    2.72    3.05    3.34    3.70
a=0.02 + MSB                 2.53    2.72    3.05    3.34    3.70
a=0.02 + OBM-RR              2.53    2.72    3.05    3.34    3.70
PR + OBM-RR                  2.77    3.13    3.48    3.90    4.37
RR + OBM-RR                  2.42    2.66    2.97    3.19    3.57

Results saved to results/theory_rr_sweep/main_T1000000_base0p02_pair0p04_0p02_w24.csv
Tue May 26 02:47:30 PM UTC 2026
RUN base=0.05 rr_alphas=0.10,0.05 workers=24
Experiment config: 100 problems x 100 traj, T=1000000, d=5, |X|=10, workers=24
  Huo: K=63, burn_in=1000, rr_alphas=(0.1, 0.05)
  Samsonov PR: c0=200.0, k0=20000, gamma=0.65, b_n=3981, n_bootstrap=500
  Problem gen: eig=[0.25,0.6], noise=0.35
  Direction: random

  [1/100] last RR cov=95% div=0/100 | 572s elapsed, ~56634s left
  [5/100] last RR cov=94% div=0/100 | 590s elapsed, ~11203s left
  [10/100] last RR cov=94% div=0/100 | 599s elapsed, ~5392s left
  [15/100] last RR cov=97% div=0/100 | 605s elapsed, ~3428s left
  [20/100] last RR cov=95% div=0/100 | 611s elapsed, ~2442s left
  [25/100] last RR cov=91% div=0/100 | 1151s elapsed, ~3452s left
  [30/100] last RR cov=94% div=0/100 | 1172s elapsed, ~2735s left
  [35/100] last RR cov=94% div=0/100 | 1184s elapsed, ~2198s left
  [40/100] last RR cov=94% div=0/100 | 1189s elapsed, ~1783s left
  [45/100] last RR cov=98% div=0/100 | 1198s elapsed, ~1464s left
  [50/100] last RR cov=96% div=0/100 | 1716s elapsed, ~1716s left
  [55/100] last RR cov=94% div=0/100 | 1730s elapsed, ~1415s left
  [60/100] last RR cov=96% div=0/100 | 1748s elapsed, ~1165s left
  [65/100] last RR cov=93% div=0/100 | 1761s elapsed, ~948s left
  [70/100] last RR cov=97% div=0/100 | 1778s elapsed, ~762s left
  [75/100] last RR cov=96% div=0/100 | 2281s elapsed, ~760s left
  [80/100] last RR cov=95% div=0/100 | 2291s elapsed, ~573s left
  [85/100] last RR cov=92% div=0/100 | 2305s elapsed, ~407s left
  [90/100] last RR cov=92% div=0/100 | 2311s elapsed, ~257s left
  [95/100] last RR cov=96% div=0/100 | 2341s elapsed, ~123s left
  [100/100] last RR cov=97% div=0/100 | 2714s elapsed, ~0s left

================================================================================
DIVERGENCE REPORT (100 problems x 100 traj)
================================================================================
Method                     Total div  Problems w/div   Max div/prob  Mean div/prob
--------------------------------------------------------------------------------
alpha=0.1 (const)                  0               0              0            0.0
alpha=0.05 (const)                 0               0              0            0.0
RR (0.1+0.05)                      0               0              0            0.0
0.1/sqrt(k) (dim)                  0               0              0            0.0
0.05/sqrt(k) (dim)                 0               0              0            0.0
PR + OBM                           0               0              0            0.0
PR + MSB                           0               0              0            0.0
RR + OBM                           0               0              0            0.0
RR + MSB                           0               0              0            0.0
a=0.1 + OBM                        0               0              0            0.0
a=0.1 + MSB                        0               0              0            0.0
a=0.05 + OBM                       0               0              0            0.0
a=0.05 + MSB                       0               0              0            0.0
a=0.05 + OBM-RR                    0               0              0            0.0
PR + OBM-RR                        0               0              0            0.0
RR + OBM-RR                        0               0              0            0.0

================================================================================
PROBLEM GENERATION DIAGNOSTICS
================================================================================
median max ||A(x)||_2         : 0.770
max max ||A(x)||_2            : 0.847
median max rho(I+0.10A): 0.986
max max rho(I+0.10A)   : 0.997

================================================================================
RESULTS (100 problems, T=1000000, 100 traj) in 2714s (45.2min)
Median over problems (coverage in %, L2 and CI width x 1e-3)
================================================================================
Method                      L2 x1e-3  Width x1e-3    Cov % Mean Cov %
--------------------------------------------------------------------
alpha=0.1 (const)               4.46         5.37     86.0       77.4
alpha=0.05 (const)              3.41         5.37     91.5       89.0
RR (0.1+0.05)                   2.97         5.37     94.0       94.2
0.1/sqrt(k) (dim)               6.96         7.23     82.0       82.5
0.05/sqrt(k) (dim)             16.56         9.77     61.5       57.4
PR + OBM                        3.48         5.39     92.0       88.9
PR + MSB                        3.48         5.35     91.0       88.5
RR + OBM                        2.97         5.40     95.0       94.6
RR + MSB                        2.97         5.33     94.5       94.3
a=0.1 + OBM                     4.46         5.42     87.0       77.8
a=0.1 + MSB                     4.46         5.36     86.0       77.1
a=0.05 + OBM                    3.41         5.40     92.0       89.7
a=0.05 + MSB                    3.41         5.36     92.0       89.2
a=0.05 + OBM-RR                 3.41         5.40     92.0       89.5
PR + OBM-RR                     3.48         5.40     92.0       88.7
RR + OBM-RR                     2.97         5.39     95.0       94.5

================================================================================
COVERAGE PERCENTILES (%) across problems
================================================================================
Method                        p10     p25     p50     p75     p90
-----------------------------------------------------------------
alpha=0.1 (const)            46.0    68.0    86.0    93.2    95.1
alpha=0.05 (const)           78.9    87.8    91.5    94.2    96.0
RR (0.1+0.05)                91.9    93.0    94.0    96.0    97.0
0.1/sqrt(k) (dim)            74.0    77.8    82.0    87.0    92.0
0.05/sqrt(k) (dim)           34.8    46.8    61.5    70.2    76.0
PR + OBM                     78.9    87.0    92.0    94.0    96.0
PR + MSB                     77.9    87.0    91.0    94.0    96.1
RR + OBM                     92.0    93.0    95.0    96.0    97.0
RR + MSB                     91.0    93.0    94.5    96.0    97.0
a=0.1 + OBM                  46.0    69.0    87.0    93.2    97.0
a=0.1 + MSB                  46.9    67.8    86.0    93.0    95.1
a=0.05 + OBM                 80.9    87.8    92.0    94.2    97.0
a=0.05 + MSB                 80.9    87.0    92.0    94.0    96.0
a=0.05 + OBM-RR              80.9    88.0    92.0    94.2    96.1
PR + OBM-RR                  78.9    86.0    92.0    94.0    96.0
RR + OBM-RR                  92.0    93.0    95.0    96.0    97.0

================================================================================
BIAS (L2 x 1e-3) PERCENTILES across problems
================================================================================
Method                        p10     p25     p50     p75     p90
-----------------------------------------------------------------
alpha=0.1 (const)            3.33    3.87    4.46    5.36    6.13
alpha=0.05 (const)           2.74    3.08    3.41    3.82    4.28
RR (0.1+0.05)                2.42    2.65    2.97    3.19    3.58
0.1/sqrt(k) (dim)            4.86    5.73    6.96    9.42   13.72
0.05/sqrt(k) (dim)           9.06   11.85   16.56   23.69   36.11
PR + OBM                     2.77    3.13    3.48    3.90    4.37
PR + MSB                     2.77    3.13    3.48    3.90    4.37
RR + OBM                     2.42    2.65    2.97    3.19    3.58
RR + MSB                     2.42    2.65    2.97    3.19    3.58
a=0.1 + OBM                  3.33    3.87    4.46    5.36    6.13
a=0.1 + MSB                  3.33    3.87    4.46    5.36    6.13
a=0.05 + OBM                 2.74    3.08    3.41    3.82    4.28
a=0.05 + MSB                 2.74    3.08    3.41    3.82    4.28
a=0.05 + OBM-RR              2.74    3.08    3.41    3.82    4.28
PR + OBM-RR                  2.77    3.13    3.48    3.90    4.37
RR + OBM-RR                  2.42    2.65    2.97    3.19    3.58

Results saved to results/theory_rr_sweep/main_T1000000_base0p05_pair0p10_0p05_w24.csv
Tue May 26 03:32:47 PM UTC 2026
RUN base=0.10 rr_alphas=0.20,0.10 workers=24
Experiment config: 100 problems x 100 traj, T=1000000, d=5, |X|=10, workers=24
  Huo: K=63, burn_in=1000, rr_alphas=(0.2, 0.1)
  Samsonov PR: c0=200.0, k0=20000, gamma=0.65, b_n=3981, n_bootstrap=500
  Problem gen: eig=[0.25,0.6], noise=0.35
  Direction: random

  [1/100] last RR cov=91% div=0/100 | 528s elapsed, ~52229s left
  [5/100] last RR cov=94% div=0/100 | 545s elapsed, ~10349s left
  [10/100] last RR cov=95% div=0/100 | 564s elapsed, ~5077s left
  [15/100] last RR cov=98% div=0/100 | 588s elapsed, ~3331s left
  [20/100] last RR cov=92% div=0/100 | 596s elapsed, ~2382s left
  [25/100] last RR cov=95% div=0/100 | 1061s elapsed, ~3182s left
  [30/100] last RR cov=91% div=0/100 | 1101s elapsed, ~2568s left
  [35/100] last RR cov=94% div=0/100 | 1130s elapsed, ~2099s left
  [40/100] last RR cov=98% div=0/100 | 1148s elapsed, ~1722s left
  [45/100] last RR cov=93% div=0/100 | 1161s elapsed, ~1419s left
  [50/100] last RR cov=94% div=0/100 | 1638s elapsed, ~1638s left
  [55/100] last RR cov=93% div=0/100 | 1660s elapsed, ~1358s left
  [60/100] last RR cov=94% div=0/100 | 1671s elapsed, ~1114s left
  [65/100] last RR cov=96% div=0/100 | 1708s elapsed, ~920s left
  [70/100] last RR cov=94% div=0/100 | 1730s elapsed, ~741s left
  [75/100] last RR cov=96% div=0/100 | 2169s elapsed, ~723s left
  [80/100] last RR cov=95% div=0/100 | 2199s elapsed, ~550s left
  [85/100] last RR cov=92% div=0/100 | 2233s elapsed, ~394s left
  [90/100] last RR cov=98% div=0/100 | 2248s elapsed, ~250s left
  [95/100] last RR cov=93% div=0/100 | 2274s elapsed, ~120s left
  [100/100] last RR cov=91% div=0/100 | 2611s elapsed, ~0s left

================================================================================
DIVERGENCE REPORT (100 problems x 100 traj)
================================================================================
Method                     Total div  Problems w/div   Max div/prob  Mean div/prob
--------------------------------------------------------------------------------
alpha=0.2 (const)                  0               0              0            0.0
alpha=0.1 (const)                  0               0              0            0.0
RR (0.2+0.1)                       0               0              0            0.0
0.2/sqrt(k) (dim)                  0               0              0            0.0
0.1/sqrt(k) (dim)                  0               0              0            0.0
PR + OBM                           0               0              0            0.0
PR + MSB                           0               0              0            0.0
RR + OBM                           0               0              0            0.0
RR + MSB                           0               0              0            0.0
a=0.2 + OBM                        0               0              0            0.0
a=0.2 + MSB                        0               0              0            0.0
a=0.1 + OBM                        0               0              0            0.0
a=0.1 + MSB                        0               0              0            0.0
a=0.1 + OBM-RR                     0               0              0            0.0
PR + OBM-RR                        0               0              0            0.0
RR + OBM-RR                        0               0              0            0.0

================================================================================
PROBLEM GENERATION DIAGNOSTICS
================================================================================
median max ||A(x)||_2         : 0.770
max max ||A(x)||_2            : 0.847
median max rho(I+0.20A): 0.972
max max rho(I+0.20A)   : 0.994

================================================================================
RESULTS (100 problems, T=1000000, 100 traj) in 2611s (43.5min)
Median over problems (coverage in %, L2 and CI width x 1e-3)
================================================================================
Method                      L2 x1e-3  Width x1e-3    Cov % Mean Cov %
--------------------------------------------------------------------
alpha=0.2 (const)               7.53         5.38     67.5       53.8
alpha=0.1 (const)               4.46         5.37     86.0       77.4
RR (0.2+0.1)                    2.97         5.38     94.0       94.2
0.2/sqrt(k) (dim)               4.87         6.71     88.0       88.1
0.1/sqrt(k) (dim)               6.96         7.23     82.0       82.5
PR + OBM                        3.48         5.39     92.0       88.9
PR + MSB                        3.48         5.35     91.0       88.5
RR + OBM                        2.97         5.42     95.0       94.6
RR + MSB                        2.97         5.35     94.0       94.4
a=0.2 + OBM                     7.53         5.43     68.5       54.4
a=0.2 + MSB                     7.53         5.38     67.0       53.8
a=0.1 + OBM                     4.46         5.42     87.0       77.8
a=0.1 + MSB                     4.46         5.37     86.0       77.1
a=0.1 + OBM-RR                  4.46         5.40     86.5       77.5
PR + OBM-RR                     3.48         5.40     92.0       88.7
RR + OBM-RR                     2.97         5.39     95.0       94.4

================================================================================
COVERAGE PERCENTILES (%) across problems
================================================================================
Method                        p10     p25     p50     p75     p90
-----------------------------------------------------------------
alpha=0.2 (const)             1.0    16.8    67.5    88.2    93.1
alpha=0.1 (const)            46.0    68.0    86.0    93.2    95.1
RR (0.2+0.1)                 91.9    93.0    94.0    96.0    97.0
0.2/sqrt(k) (dim)            83.0    86.0    88.0    90.0    92.1
0.1/sqrt(k) (dim)            74.0    77.8    82.0    87.0    92.0
PR + OBM                     78.9    87.0    92.0    94.0    96.0
PR + MSB                     77.9    87.0    91.0    94.0    96.1
RR + OBM                     92.0    93.8    95.0    96.0    97.0
RR + MSB                     91.0    93.0    94.0    96.0    97.0
a=0.2 + OBM                   1.0    16.8    68.5    89.2    94.1
a=0.2 + MSB                   1.0    15.8    67.0    88.5    94.0
a=0.1 + OBM                  46.0    69.0    87.0    93.2    97.0
a=0.1 + MSB                  46.9    68.0    86.0    93.0    95.0
a=0.1 + OBM-RR               46.9    68.8    86.5    93.0    96.0
PR + OBM-RR                  78.9    86.0    92.0    94.0    96.0
RR + OBM-RR                  92.0    93.0    95.0    96.0    97.0

================================================================================
BIAS (L2 x 1e-3) PERCENTILES across problems
================================================================================
Method                        p10     p25     p50     p75     p90
-----------------------------------------------------------------
alpha=0.2 (const)            4.87    5.80    7.53    9.66   11.09
alpha=0.1 (const)            3.33    3.87    4.46    5.36    6.13
RR (0.2+0.1)                 2.42    2.66    2.97    3.20    3.59
0.2/sqrt(k) (dim)            3.88    4.16    4.87    5.47    6.23
0.1/sqrt(k) (dim)            4.86    5.73    6.96    9.42   13.72
PR + OBM                     2.77    3.13    3.48    3.90    4.37
PR + MSB                     2.77    3.13    3.48    3.90    4.37
RR + OBM                     2.42    2.66    2.97    3.20    3.59
RR + MSB                     2.42    2.66    2.97    3.20    3.59
a=0.2 + OBM                  4.87    5.80    7.53    9.66   11.09
a=0.2 + MSB                  4.87    5.80    7.53    9.66   11.09
a=0.1 + OBM                  3.33    3.87    4.46    5.36    6.13
a=0.1 + MSB                  3.33    3.87    4.46    5.36    6.13
a=0.1 + OBM-RR               3.33    3.87    4.46    5.36    6.13
PR + OBM-RR                  2.77    3.13    3.48    3.90    4.37
RR + OBM-RR                  2.42    2.66    2.97    3.20    3.59

Results saved to results/theory_rr_sweep/main_T1000000_base0p10_pair0p20_0p10_w24.csv
Tue May 26 04:16:21 PM UTC 2026
DONE
