START 2026-06-09T19:23:28+00:00
==============================================================================
Single-problem decomposition (OBM and OBM-RR)
  prob_seed=0  dir_seed=1  traj_seed=2
  d=5  n_states=10  eig in [0.1,0.6]  noise_target=0.35
  n_traj=800  traj_chunk=200
  PR: c0=200.0 k0=20000.0 gamma=0.65
  T_list=[10000, 20000, 30000, 50000, 100000, 200000, 300000, 500000, 1000000]  lam_list=[2.0, 3.0, 4.0]
  bn_points=90 in T^[0.15,0.9]
  sigma^2_inf (analytic) = 5.530043e+00
==============================================================================

=== T=10000 ===
  bn_list (74 pts): 5..2000
  all_b (257 OBM evals): 5..8000
    chunk   200/800  (200 traj)    11.3s
    chunk   400/800  (200 traj)    11.6s
    chunk   600/800  (200 traj)    11.7s
    chunk   800/800  (200 traj)    11.8s
  T=10000 done in 46.5s

=== T=20000 ===
  bn_list (78 pts): 5..4000
  all_b (269 OBM evals): 5..16000
    chunk   200/800  (200 traj)    25.4s
    chunk   400/800  (200 traj)    25.7s
    chunk   600/800  (200 traj)    25.7s
    chunk   800/800  (200 traj)    25.3s
  T=20000 done in 102.1s

=== T=30000 ===
  bn_list (80 pts): 5..6000
  all_b (277 OBM evals): 5..24000
    chunk   200/800  (200 traj)    39.8s
    chunk   400/800  (200 traj)    45.6s
    chunk   600/800  (200 traj)    45.8s
    chunk   800/800  (200 traj)    45.5s
  T=30000 done in 176.7s

=== T=50000 ===
  bn_list (82 pts): 5..10000
  all_b (293 OBM evals): 5..40000
    chunk   200/800  (200 traj)    81.2s
    chunk   400/800  (200 traj)    81.5s
    chunk   600/800  (200 traj)    81.1s
    chunk   800/800  (200 traj)    81.7s
  T=50000 done in 325.6s

=== T=100000 ===
  bn_list (85 pts): 5..20000
  all_b (306 OBM evals): 5..80000
    chunk   200/800  (200 traj)   167.7s
    chunk   400/800  (200 traj)   167.3s
    chunk   600/800  (200 traj)   166.7s
    chunk   800/800  (200 traj)   170.7s
  T=100000 done in 672.5s

=== T=200000 ===
  bn_list (86 pts): 6..40000
  all_b (327 OBM evals): 6..160000
    chunk   200/800  (200 traj)   369.4s
    chunk   400/800  (200 traj)   367.1s
    chunk   600/800  (200 traj)   363.4s
    chunk   800/800  (200 traj)   363.5s
  T=200000 done in 1463.5s

=== T=300000 ===
  bn_list (87 pts): 6..60000
  all_b (326 OBM evals): 6..240000
    chunk   200/800  (200 traj)   543.8s
    chunk   400/800  (200 traj)   538.2s
    chunk   600/800  (200 traj)   538.8s
    chunk   800/800  (200 traj)   542.3s
  T=300000 done in 2163.1s

=== T=500000 ===
  bn_list (87 pts): 7..100000
  all_b (336 OBM evals): 7..400000
    chunk   200/800  (200 traj)   936.0s
    chunk   400/800  (200 traj)   943.8s
    chunk   600/800  (200 traj)   946.0s
    chunk   800/800  (200 traj)   948.5s
  T=500000 done in 3774.3s

=== T=1000000 ===
  bn_list (89 pts): 7..200000
  all_b (333 OBM evals): 7..800000
    chunk   200/800  (200 traj)  1845.6s
    chunk   400/800  (200 traj)  1873.6s
    chunk   600/800  (200 traj)  2060.8s
    chunk   800/800  (200 traj)  1882.8s
  T=1000000 done in 7662.9s

==============================================================================
BEST-MSE (over swept b) per (T, estimator)
==============================================================================
         T         method      b*   b/T^e        bias         var         mse
------------------------------------------------------------------------------
     10000            OBM     165   0.554  -6.117e-01   6.445e-01   1.018e+00
     10000    OBM_RR(λ=2)      34   0.383  -3.772e-01   4.590e-01   6.007e-01
     10000    OBM_RR(λ=3)      29   0.366  -3.259e-01   5.224e-01   6.279e-01
     10000    OBM_RR(λ=4)      23   0.340  -3.913e-01   5.023e-01   6.548e-01
     20000            OBM     242   0.554  -4.483e-01   4.467e-01   6.471e-01
     20000    OBM_RR(λ=2)      45   0.384  -2.306e-01   3.073e-01   3.601e-01
     20000    OBM_RR(λ=3)      35   0.359  -2.647e-01   3.064e-01   3.761e-01
     20000    OBM_RR(λ=4)      30   0.343  -2.666e-01   3.203e-01   3.910e-01
     30000            OBM     278   0.546  -4.367e-01   3.819e-01   5.721e-01
     30000    OBM_RR(λ=2)      49   0.378  -2.429e-01   2.330e-01   2.917e-01
     30000    OBM_RR(λ=3)      41   0.360  -2.217e-01   2.593e-01   3.081e-01
     30000    OBM_RR(λ=4)      34   0.342  -2.482e-01   2.630e-01   3.243e-01
     50000            OBM     368   0.546  -3.860e-01   2.878e-01   4.364e-01
     50000    OBM_RR(λ=2)      65   0.386  -1.766e-01   1.790e-01   2.100e-01
     50000    OBM_RR(λ=3)      54   0.369  -1.699e-01   1.954e-01   2.240e-01
     50000    OBM_RR(λ=4)      45   0.352  -1.926e-01   1.990e-01   2.359e-01
    100000            OBM     537   0.546  -3.417e-01   1.988e-01   3.153e-01
    100000    OBM_RR(λ=2)      93   0.394  -1.364e-01   1.324e-01   1.508e-01
    100000    OBM_RR(λ=3)      77   0.377  -1.304e-01   1.400e-01   1.569e-01
    100000    OBM_RR(λ=4)      63   0.360  -1.596e-01   1.381e-01   1.634e-01
    200000            OBM     869   0.554  -2.995e-01   1.698e-01   2.593e-01
    200000    OBM_RR(λ=2)     136   0.402  -1.325e-01   9.885e-02   1.163e-01
    200000    OBM_RR(λ=3)     111   0.386  -1.337e-01   1.022e-01   1.200e-01
    200000    OBM_RR(λ=4)     100   0.377  -1.177e-01   1.116e-01   1.253e-01
    300000            OBM    1211   0.563  -2.344e-01   1.573e-01   2.121e-01
    300000    OBM_RR(λ=2)     178   0.411  -1.310e-01   8.401e-02   1.011e-01
    300000    OBM_RR(λ=3)     144   0.394  -1.344e-01   8.780e-02   1.058e-01
    300000    OBM_RR(λ=4)     129   0.385  -1.162e-01   9.669e-02   1.101e-01
    500000            OBM    1803   0.571  -2.533e-01   1.431e-01   2.071e-01
    500000    OBM_RR(λ=2)     275   0.428  -1.029e-01   8.054e-02   9.103e-02
    500000    OBM_RR(λ=3)     220   0.411  -1.130e-01   8.299e-02   9.564e-02
    500000    OBM_RR(λ=4)     176   0.394  -1.444e-01   8.038e-02   1.011e-01
   1000000            OBM    2679   0.571  -2.505e-01   1.074e-01   1.701e-01
   1000000    OBM_RR(λ=2)     416   0.437  -9.716e-02   5.814e-02   6.751e-02
   1000000    OBM_RR(λ=3)     329   0.420  -1.114e-01   5.897e-02   7.131e-02
   1000000    OBM_RR(λ=4)     293   0.411  -1.024e-01   6.438e-02   7.479e-02

Saved 2992 rows to results/lugsail_mse_asymptotics_2026-06-09.csv
ANALYZE_START 2026-06-09T23:56:41+00:00
           label   eta  rate_hat  theory_rate  rate_minus_theory  r2_log_mse  n_T  max_abs_log_b_error
OBM-LW(lambda=4) 0.425  0.568424        0.575          -0.006576    0.997977    9             0.041911
OBM-LW(lambda=3) 0.425  0.566625        0.575          -0.008375    0.998085    9             0.041911
OBM-LW(lambda=2) 0.450  0.548944        0.550          -0.001056    0.997567    9             0.046419
             OBM 0.600  0.394873        0.400          -0.005127    0.990045    9             0.046813

Saved ../reports/figures/lugsail_mse_asymptotics_2026-06-09/lugsail_mse_asymptotics_eta_values.csv
Saved ../reports/figures/lugsail_mse_asymptotics_2026-06-09/lugsail_mse_asymptotics_eta_rates.csv
DONE 2026-06-09T23:56:48+00:00
